// Jest Snapshot v1, https://goo.gl/fbAQLP

exports[`matches snapshot 1`] = `
<DocumentFragment>
  <div
    class="App"
  >
    <form>
      <label
        for="text"
      >
        Todo Text:
      </label>
      <input
        id="text"
        name="text"
        placeholder="Todo Description:"
        type="text"
        value=""
      />
      <button>
        Add Todo
      </button>
    </form>
    <div
      class="TodoList"
    />
  </div>
</DocumentFragment>
`;
